<<Freedom of Information request - Contracts or options with Kimberley
Developments or Waitrose>>

Arthur Pritchard
Property & Assets Manager
Tel: 01625 504234
Fax: 01625 504268
e-mail: [1][email address]
FOLDED_QUOTED_SECTION
FOLDED_QUOTED_SECTION
References

Visible links
1. mailto:[email address]
2. http://www.mimecast.com/
